---
source: src/linter.rs
expression: checks
---
- kind:
    BuiltinAttributehadowing:
      - temp
  location:
    row: 5
    column: 89
  fix: ~
